// Jest Snapshot v1, https://goo.gl/fbAQLP

exports[`Puebas en <ActiveLink /> match with snapshot 1`] = `
<div>
  <a
    href="/"
  >
    text button
  </a>
</div>
`;
